mabs/iso.tmp.fa
mabs/grams4.pickle
mabs/data/
mabs/data/humanEtMouse.01.align
mabs/data/humanEtMouse.01.cut1000.output
mabs/data/humanEtMouse.01.gff
mabs/data/humanEtMouse.01.output
mabs/data/humanEtMouse.05.align
mabs/data/humanEtMouse.05.gff
mabs/data/humanEtMouse.05.output
mabs/data/humanEtMouse.06.gff
mabs/data/humanEtMouse.07.cut1000.align
mabs/data/humanEtMouse.07.cut1000.output
mabs/data/humanEtMouse.07.gff
mabs/data/humanEtMouse.07.tmp.align
mabs/data/humanEtMouse.07.tmp.output
mabs/data/humanEtMouse.08.align
mabs/data/humanEtMouse.08.gff
mabs/data/humanEtMouse.08.output
mabs/data/humanEtMouse.09.align
mabs/data/humanEtMouse.09.gff
mabs/data/humanEtMouse.09.output
mabs/data/humanEtMouse.095.align
mabs/data/humanEtMouse.095.gff
mabs/data/humanEtMouse.095.output
mabs/data/humanEtMouse.10.align
mabs/data/humanEtMouse.10.gff
mabs/data/humanEtMouse.10.output
mabs/data/humanEtMouse.10.tmp.align
mabs/data/humanEtMouse.10.tmp.output
mabs/data/humanEtMouse.rand.align
mabs/data/humanEtMouse.rand.gff
mabs/data/humanEtMouse.rand.output
mabs/data/humanEtMouse.rand2.align
mabs/data/humanEtMouse.rand2.gff
mabs/data/humanEtMouse.rand2.output
mabs/data/humanEtMouse.rand3.align
mabs/data/humanEtMouse.rand3.gff
mabs/data/humanEtMouse.rand3.output
build/
build/temp.linux-i686-2.2
build/temp.linux-i686-2.2/matrix.o
build/temp.linux-i686-2.2/align.o
build/lib.linux-i686-2.2
build/lib.linux-i686-2.2/matrix.so
build/lib.linux-i686-2.2/align.so
./tmp.gff
./Mus.G.cutoff5.5.gff
build/
build/temp.linux-i686-2.2
build/temp.linux-i686-2.2/matrix.o
build/temp.linux-i686-2.2/align.o
build/temp.linux-i686-2.2/editdist.o
build/lib.linux-i686-2.2
build/lib.linux-i686-2.2/matrix.so
build/lib.linux-i686-2.2/align.so
build/lib.linux-i686-2.2/editdist.so
